Executed command: python3 ./main.py
Result code: 0
Standard Output (starting on the new line):
1
2
FizzFizz
4
BuzzBuzz
Fizz
7
8
Fizz
Buzz
11
Fizz
Fizz13
14
BuzzFizzBuzz
16
17
Fizz
19
Buzz
Fizz
22
Fizz23
Fizz
BuzzBuzz
26
Fizz
28
29
FizzFizzBuzz
Fizz31
Fizz32
FizzFizz
Fizz34
FizzBuzzBuzz
FizzFizz
Fizz37
Fizz38
FizzFizz
Buzz
41
Fizz
Fizz43
44
BuzzFizzBuzz
46
47
Fizz
49
BuzzBuzz
BuzzFizz
Buzz52
FizzBuzz53
BuzzFizz
BuzzBuzz
Buzz56
BuzzFizz
Buzz58
Buzz59
FizzBuzz
61
62
FizzFizz
64
BuzzBuzz
Fizz
67
68
Fizz
Buzz
71
Fizz
Fizz73
74
BuzzFizzBuzz
76
77
Fizz
79
Buzz
Fizz
82
Fizz83
Fizz
BuzzBuzz
86
Fizz
88
89
FizzBuzz
91
92
FizzFizz
94
BuzzBuzz
Fizz
97
98
Fizz
Buzz

Standard Error (starting on the new line):
