Executed command: python3 ./main.py
Result code: 0
Standard Output (starting on the new line):
1
2
Fizz
4
Buzz
Fizz
7
8
Fizz
Buzz
11
Fizz
13
14
FizzBuzz
16
17
Fizz
19
Buzz
Standard Error (starting on the new line):
