number to string: contains 5 but not multiple of 5

51 => BuzzFizz
52 => Buzz52
53 => FizzBuzz53
54 => BuzzFizz
56 => Buzz56
57 => BuzzFizz
58 => Buzz58
59 => Buzz59
151 => Buzz151
152 => Buzz152
153 => FizzBuzzFizz
154 => Buzz154
156 => BuzzFizz
157 => Buzz157
158 => Buzz158
159 => BuzzFizz
251 => Buzz251
252 => BuzzFizz
253 => FizzBuzz253
254 => Buzz254
256 => Buzz256
257 => Buzz257
258 => BuzzFizz
259 => Buzz259
351 => FizzBuzzFizz
352 => FizzBuzz352
353 => FizzBuzz353
354 => FizzBuzzFizz
356 => FizzBuzz356
357 => FizzBuzzFizz
358 => FizzBuzz358
359 => FizzBuzz359
451 => Buzz451
452 => Buzz452
453 => FizzBuzzFizz
454 => Buzz454
456 => BuzzFizz
457 => Buzz457
458 => Buzz458
459 => BuzzFizz
501 => BuzzFizz
502 => Buzz502
503 => FizzBuzz503
504 => BuzzFizz
506 => Buzz506
507 => BuzzFizz
508 => Buzz508
509 => Buzz509
511 => Buzz511
512 => Buzz512
513 => FizzBuzzFizz
514 => Buzz514
516 => BuzzFizz
517 => Buzz517
518 => Buzz518
519 => BuzzFizz
521 => Buzz521
522 => BuzzFizz
523 => FizzBuzz523
524 => Buzz524
526 => Buzz526
527 => Buzz527
528 => BuzzFizz
529 => Buzz529
531 => FizzBuzzFizz
532 => FizzBuzz532
533 => FizzBuzz533
534 => FizzBuzzFizz
536 => FizzBuzz536
537 => FizzBuzzFizz
538 => FizzBuzz538
539 => FizzBuzz539
541 => Buzz541
542 => Buzz542
543 => FizzBuzzFizz
544 => Buzz544
546 => BuzzFizz
547 => Buzz547
548 => Buzz548
549 => BuzzFizz
551 => Buzz551
552 => BuzzFizz
553 => FizzBuzz553
554 => Buzz554
556 => Buzz556
557 => Buzz557
558 => BuzzFizz
559 => Buzz559
561 => BuzzFizz
562 => Buzz562
563 => FizzBuzz563
564 => BuzzFizz
566 => Buzz566
567 => BuzzFizz
568 => Buzz568
569 => Buzz569
571 => Buzz571
572 => Buzz572
573 => FizzBuzzFizz
574 => Buzz574
576 => BuzzFizz
577 => Buzz577
578 => Buzz578
579 => BuzzFizz
581 => Buzz581
582 => BuzzFizz
583 => FizzBuzz583
584 => Buzz584
586 => Buzz586
587 => Buzz587
588 => BuzzFizz
589 => Buzz589
591 => BuzzFizz
592 => Buzz592
593 => FizzBuzz593
594 => BuzzFizz
596 => Buzz596
597 => BuzzFizz
598 => Buzz598
599 => Buzz599
651 => BuzzFizz
652 => Buzz652
653 => FizzBuzz653
654 => BuzzFizz
656 => Buzz656
657 => BuzzFizz
658 => Buzz658
659 => Buzz659
751 => Buzz751
752 => Buzz752
753 => FizzBuzzFizz
754 => Buzz754
756 => BuzzFizz
757 => Buzz757
758 => Buzz758
759 => BuzzFizz
851 => Buzz851
852 => BuzzFizz
853 => FizzBuzz853
854 => Buzz854
856 => Buzz856
857 => Buzz857
858 => BuzzFizz
859 => Buzz859
951 => BuzzFizz
952 => Buzz952
953 => FizzBuzz953
954 => BuzzFizz
956 => Buzz956
957 => BuzzFizz
958 => Buzz958
959 => Buzz959
