number to string: contains 3 and 5 but not multiple of 15

35 => FizzBuzzBuzz
53 => FizzBuzz53
153 => FizzBuzzFizz
235 => FizzBuzzBuzz
253 => FizzBuzz253
305 => FizzBuzzBuzz
325 => FizzBuzzBuzz
335 => FizzBuzzBuzz
350 => FizzBuzzBuzz
351 => FizzBuzzFizz
352 => FizzBuzz352
353 => FizzBuzz353
354 => FizzBuzzFizz
355 => FizzBuzzBuzz
356 => FizzBuzz356
357 => FizzBuzzFizz
358 => FizzBuzz358
359 => FizzBuzz359
365 => FizzBuzzBuzz
385 => FizzBuzzBuzz
395 => FizzBuzzBuzz
453 => FizzBuzzFizz
503 => FizzBuzz503
513 => FizzBuzzFizz
523 => FizzBuzz523
530 => FizzBuzzBuzz
531 => FizzBuzzFizz
532 => FizzBuzz532
533 => FizzBuzz533
534 => FizzBuzzFizz
535 => FizzBuzzBuzz
536 => FizzBuzz536
537 => FizzBuzzFizz
538 => FizzBuzz538
539 => FizzBuzz539
543 => FizzBuzzFizz
553 => FizzBuzz553
563 => FizzBuzz563
573 => FizzBuzzFizz
583 => FizzBuzz583
593 => FizzBuzz593
635 => FizzBuzzBuzz
653 => FizzBuzz653
753 => FizzBuzzFizz
835 => FizzBuzzBuzz
853 => FizzBuzz853
935 => FizzBuzzBuzz
953 => FizzBuzz953
