number to string: contains 3 but not multiple of 3

13 => Fizz13
23 => Fizz23
31 => Fizz31
32 => Fizz32
34 => Fizz34
35 => FizzBuzzBuzz
37 => Fizz37
38 => Fizz38
43 => Fizz43
53 => FizzBuzz53
73 => Fizz73
83 => Fizz83
103 => Fizz103
113 => Fizz113
130 => FizzBuzz
131 => Fizz131
133 => Fizz133
134 => Fizz134
136 => Fizz136
137 => Fizz137
139 => Fizz139
143 => Fizz143
163 => Fizz163
173 => Fizz173
193 => Fizz193
203 => Fizz203
223 => Fizz223
230 => FizzBuzz
232 => Fizz232
233 => Fizz233
235 => FizzBuzzBuzz
236 => Fizz236
238 => Fizz238
239 => Fizz239
253 => FizzBuzz253
263 => Fizz263
283 => Fizz283
293 => Fizz293
301 => Fizz301
302 => Fizz302
304 => Fizz304
305 => FizzBuzzBuzz
307 => Fizz307
308 => Fizz308
310 => FizzBuzz
311 => Fizz311
313 => Fizz313
314 => Fizz314
316 => Fizz316
317 => Fizz317
319 => Fizz319
320 => FizzBuzz
322 => Fizz322
323 => Fizz323
325 => FizzBuzzBuzz
326 => Fizz326
328 => Fizz328
329 => Fizz329
331 => Fizz331
332 => Fizz332
334 => Fizz334
335 => FizzBuzzBuzz
337 => Fizz337
338 => Fizz338
340 => FizzBuzz
341 => Fizz341
343 => Fizz343
344 => Fizz344
346 => Fizz346
347 => Fizz347
349 => Fizz349
350 => FizzBuzzBuzz
352 => FizzBuzz352
353 => FizzBuzz353
355 => FizzBuzzBuzz
356 => FizzBuzz356
358 => FizzBuzz358
359 => FizzBuzz359
361 => Fizz361
362 => Fizz362
364 => Fizz364
365 => FizzBuzzBuzz
367 => Fizz367
368 => Fizz368
370 => FizzBuzz
371 => Fizz371
373 => Fizz373
374 => Fizz374
376 => Fizz376
377 => Fizz377
379 => Fizz379
380 => FizzBuzz
382 => Fizz382
383 => Fizz383
385 => FizzBuzzBuzz
386 => Fizz386
388 => Fizz388
389 => Fizz389
391 => Fizz391
392 => Fizz392
394 => Fizz394
395 => FizzBuzzBuzz
397 => Fizz397
398 => Fizz398
403 => Fizz403
413 => Fizz413
430 => FizzBuzz
431 => Fizz431
433 => Fizz433
434 => Fizz434
436 => Fizz436
437 => Fizz437
439 => Fizz439
443 => Fizz443
463 => Fizz463
473 => Fizz473
493 => Fizz493
503 => FizzBuzz503
523 => FizzBuzz523
530 => FizzBuzzBuzz
532 => FizzBuzz532
533 => FizzBuzz533
535 => FizzBuzzBuzz
536 => FizzBuzz536
538 => FizzBuzz538
539 => FizzBuzz539
553 => FizzBuzz553
563 => FizzBuzz563
583 => FizzBuzz583
593 => FizzBuzz593
613 => Fizz613
623 => Fizz623
631 => Fizz631
632 => Fizz632
634 => Fizz634
635 => FizzBuzzBuzz
637 => Fizz637
638 => Fizz638
643 => Fizz643
653 => FizzBuzz653
673 => Fizz673
683 => Fizz683
703 => Fizz703
713 => Fizz713
730 => FizzBuzz
731 => Fizz731
733 => Fizz733
734 => Fizz734
736 => Fizz736
737 => Fizz737
739 => Fizz739
743 => Fizz743
763 => Fizz763
773 => Fizz773
793 => Fizz793
803 => Fizz803
823 => Fizz823
830 => FizzBuzz
832 => Fizz832
833 => Fizz833
835 => FizzBuzzBuzz
836 => Fizz836
838 => Fizz838
839 => Fizz839
853 => FizzBuzz853
863 => Fizz863
883 => Fizz883
893 => Fizz893
913 => Fizz913
923 => Fizz923
931 => Fizz931
932 => Fizz932
934 => Fizz934
935 => FizzBuzzBuzz
937 => Fizz937
938 => Fizz938
943 => Fizz943
953 => FizzBuzz953
973 => Fizz973
983 => Fizz983
