number to string: contains 3 but not (multiple of 3 or 5)

13 => Fizz13
23 => Fizz23
31 => Fizz31
32 => Fizz32
34 => Fizz34
37 => Fizz37
38 => Fizz38
43 => Fizz43
73 => Fizz73
83 => Fizz83
103 => Fizz103
113 => Fizz113
131 => Fizz131
133 => Fizz133
134 => Fizz134
136 => Fizz136
137 => Fizz137
139 => Fizz139
143 => Fizz143
163 => Fizz163
173 => Fizz173
193 => Fizz193
203 => Fizz203
223 => Fizz223
232 => Fizz232
233 => Fizz233
236 => Fizz236
238 => Fizz238
239 => Fizz239
263 => Fizz263
283 => Fizz283
293 => Fizz293
301 => Fizz301
302 => Fizz302
304 => Fizz304
307 => Fizz307
308 => Fizz308
311 => Fizz311
313 => Fizz313
314 => Fizz314
316 => Fizz316
317 => Fizz317
319 => Fizz319
322 => Fizz322
323 => Fizz323
326 => Fizz326
328 => Fizz328
329 => Fizz329
331 => Fizz331
332 => Fizz332
334 => Fizz334
337 => Fizz337
338 => Fizz338
341 => Fizz341
343 => Fizz343
344 => Fizz344
346 => Fizz346
347 => Fizz347
349 => Fizz349
361 => Fizz361
362 => Fizz362
364 => Fizz364
367 => Fizz367
368 => Fizz368
371 => Fizz371
373 => Fizz373
374 => Fizz374
376 => Fizz376
377 => Fizz377
379 => Fizz379
382 => Fizz382
383 => Fizz383
386 => Fizz386
388 => Fizz388
389 => Fizz389
391 => Fizz391
392 => Fizz392
394 => Fizz394
397 => Fizz397
398 => Fizz398
403 => Fizz403
413 => Fizz413
431 => Fizz431
433 => Fizz433
434 => Fizz434
436 => Fizz436
437 => Fizz437
439 => Fizz439
443 => Fizz443
463 => Fizz463
473 => Fizz473
493 => Fizz493
613 => Fizz613
623 => Fizz623
631 => Fizz631
632 => Fizz632
634 => Fizz634
637 => Fizz637
638 => Fizz638
643 => Fizz643
673 => Fizz673
683 => Fizz683
703 => Fizz703
713 => Fizz713
731 => Fizz731
733 => Fizz733
734 => Fizz734
736 => Fizz736
737 => Fizz737
739 => Fizz739
743 => Fizz743
763 => Fizz763
773 => Fizz773
793 => Fizz793
803 => Fizz803
823 => Fizz823
832 => Fizz832
833 => Fizz833
836 => Fizz836
838 => Fizz838
839 => Fizz839
863 => Fizz863
883 => Fizz883
893 => Fizz893
913 => Fizz913
923 => Fizz923
931 => Fizz931
932 => Fizz932
934 => Fizz934
937 => Fizz937
938 => Fizz938
943 => Fizz943
973 => Fizz973
983 => Fizz983
