number to string: contains 3 but not (multiple of 3 or 5)

52 => Buzz52
56 => Buzz56
58 => Buzz58
59 => Buzz59
151 => Buzz151
152 => Buzz152
154 => Buzz154
157 => Buzz157
158 => Buzz158
251 => Buzz251
254 => Buzz254
256 => Buzz256
257 => Buzz257
259 => Buzz259
451 => Buzz451
452 => Buzz452
454 => Buzz454
457 => Buzz457
458 => Buzz458
502 => Buzz502
506 => Buzz506
508 => Buzz508
509 => Buzz509
511 => Buzz511
512 => Buzz512
514 => Buzz514
517 => Buzz517
518 => Buzz518
521 => Buzz521
524 => Buzz524
526 => Buzz526
527 => Buzz527
529 => Buzz529
541 => Buzz541
542 => Buzz542
544 => Buzz544
547 => Buzz547
548 => Buzz548
551 => Buzz551
554 => Buzz554
556 => Buzz556
557 => Buzz557
559 => Buzz559
562 => Buzz562
566 => Buzz566
568 => Buzz568
569 => Buzz569
571 => Buzz571
572 => Buzz572
574 => Buzz574
577 => Buzz577
578 => Buzz578
581 => Buzz581
584 => Buzz584
586 => Buzz586
587 => Buzz587
589 => Buzz589
592 => Buzz592
596 => Buzz596
598 => Buzz598
599 => Buzz599
652 => Buzz652
656 => Buzz656
658 => Buzz658
659 => Buzz659
751 => Buzz751
752 => Buzz752
754 => Buzz754
757 => Buzz757
758 => Buzz758
851 => Buzz851
854 => Buzz854
856 => Buzz856
857 => Buzz857
859 => Buzz859
952 => Buzz952
956 => Buzz956
958 => Buzz958
959 => Buzz959
